
> student-dashboard@0.0.0 build
> vite build

vite v8.0.9 building client environment for production...
[2Ktransforming...✓ 24 modules transformed.
✗ Build failed in 65ms
error during build:
Build failed with 1 error:

[31m[UNRESOLVED_IMPORT] Error:[0m Could not resolve './Button' in src/components/StudentForm.jsx
   [38;5;246m╭[0m[38;5;246m─[0m[38;5;246m[[0m src/components/StudentForm.jsx:2:20 [38;5;246m][0m
   [38;5;246m│[0m
 [38;5;246m2 │[0m [38;5;249mi[0m[38;5;249mm[0m[38;5;249mp[0m[38;5;249mo[0m[38;5;249mr[0m[38;5;249mt[0m[38;5;249m [0m[38;5;249mB[0m[38;5;249mu[0m[38;5;249mt[0m[38;5;249mt[0m[38;5;249mo[0m[38;5;249mn[0m[38;5;249m [0m[38;5;249mf[0m[38;5;249mr[0m[38;5;249mo[0m[38;5;249mm[0m[38;5;249m [0m"./Button"[38;5;249m;[0m
 [38;5;240m  │[0m                    ─────┬────  
 [38;5;240m  │[0m                         ╰────── Module not found.
 [38;5;240m  │[0m 
 [38;5;240m  │[0m [38;5;115mHelp[0m: 'src/components/StudentForm.jsx' is imported by the following path:
 [38;5;240m  │[0m         - src/components/StudentForm.jsx
 [38;5;240m  │[0m         - src/components/StudentRegister.jsx
 [38;5;240m  │[0m         - src/components/Home.jsx
 [38;5;240m  │[0m         - src/App.jsx
 [38;5;240m  │[0m         - src/main.jsx
 [38;5;240m  │[0m         - index.html
[38;5;246m───╯[0m

    at aggregateBindingErrorsIntoJsError (file:///Users/adityaraj/Documents/Student%20Dashboard/student-dashboard/node_modules/rolldown/dist/shared/error-DAA7ncC5.mjs:48:18)
    at unwrapBindingResult (file:///Users/adityaraj/Documents/Student%20Dashboard/student-dashboard/node_modules/rolldown/dist/shared/error-DAA7ncC5.mjs:18:128)
    at #build (file:///Users/adityaraj/Documents/Student%20Dashboard/student-dashboard/node_modules/rolldown/dist/shared/rolldown-build-BPKCFYpX.mjs:3317:34)
    at async buildEnvironment (file:///Users/adityaraj/Documents/Student%20Dashboard/student-dashboard/node_modules/vite/dist/node/chunks/node.js:32999:64)
    at async Object.build (file:///Users/adityaraj/Documents/Student%20Dashboard/student-dashboard/node_modules/vite/dist/node/chunks/node.js:33421:19)
    at async Object.buildApp (file:///Users/adityaraj/Documents/Student%20Dashboard/student-dashboard/node_modules/vite/dist/node/chunks/node.js:33418:153)
    at async CAC.<anonymous> (file:///Users/adityaraj/Documents/Student%20Dashboard/student-dashboard/node_modules/vite/dist/node/cli.js:778:3) {
  errors: [Getter/Setter]
}
